2011年12月20日 星期二 11时45分26秒 CST
2011年12月20日 星期二 11时45分32秒 CST
2011年12月21日 星期三 11时20分09秒 CST
